2026-01-31T15:13:33.252340+03:00 DEBUG FLOW/USDT verify - failed. REASON: Empty sell networks Bybit
2026-01-31T15:13:34.371240+03:00 DEBUG ROOT/USDT verify - failed. REASON: Empty sell networks Gate.io
2026-01-31T15:16:12.548991+03:00 DEBUG LOT/USDT verify - failed. REASON: Empty sell networks Bitget
2026-01-31T15:16:15.831528+03:00 DEBUG MILK/USDT verify - failed. REASON: Empty sell networks Bitget
2026-01-31T15:17:52.532730+03:00 DEBUG FLOW/USDT verify - failed. REASON: Empty sell networks Bybit
2026-01-31T15:17:53.165871+03:00 DEBUG ARTFI/USDT verify - failed. REASON: Empty sell networks Bitget
2026-01-31T15:18:08.192007+03:00 DEBUG MILK/USDT verify - failed. REASON: Empty sell networks Bitget
2026-01-31T15:18:24.590563+03:00 DEBUG UPC/USDT verify - failed. REASON: Empty sell networks Bitget
2026-01-31T15:18:25.359044+03:00 DEBUG XYRO/USDT verify - failed. REASON: Empty sell networks Kucoin
2026-01-31T15:18:25.383317+03:00 DEBUG E4C/USDT verify - failed. REASON: Empty sell networks Kucoin
2026-01-31T15:18:25.388781+03:00 DEBUG ROOT/USDT verify - failed. REASON: Empty sell networks Gate.io
2026-01-31T15:18:25.422787+03:00 DEBUG FST/USDT verify - failed. REASON: Empty sell networks Kucoin
2026-01-31T15:18:25.433804+03:00 DEBUG DN/USDT verify - failed. REASON: Empty sell networks Bitget
2026-01-31T15:18:25.462191+03:00 DEBUG ZEX/USDT verify - failed. REASON: Empty sell networks Kucoin
2026-01-31T15:18:25.472728+03:00 DEBUG KIP/USDT verify - failed. REASON: Empty sell networks Kucoin
2026-01-31T15:18:25.526013+03:00 DEBUG PTB/USDT verify - failed. REASON: Empty sell networks Kucoin
2026-01-31T15:18:25.613542+03:00 DEBUG FURY/USDT verify - failed. REASON: Empty sell networks Kucoin
2026-01-31T15:18:25.614464+03:00 DEBUG NERO/USDT verify - failed. REASON: Empty sell networks Gate.io
2026-01-31T15:18:25.650557+03:00 DEBUG BDX/USDT verify - failed. REASON: Empty sell networks Gate.io
2026-01-31T15:27:27.133655+03:00 DEBUG PENGUIN/USDT verify - failed. REASON: Empty buy networks Bitget
2026-01-31T15:27:27.259517+03:00 DEBUG MILK/USDT verify - failed. REASON: Empty sell networks Bitget
2026-01-31T15:27:29.118264+03:00 DEBUG ARTFI/USDT verify - failed. REASON: Empty sell networks Bitget
2026-01-31T15:27:29.837611+03:00 DEBUG FLOW/USDT verify - failed. REASON: Empty sell networks Bybit
2026-01-31T15:27:29.896834+03:00 DEBUG VRA/USDT verify - failed. REASON: Empty sell networks Kucoin
2026-01-31T15:27:30.722003+03:00 DEBUG TESTZEUS/USDT verify - failed. REASON: Empty buy networks Bitget
2026-01-31T15:27:32.258340+03:00 DEBUG PREMARKET3/USDT verify - failed. REASON: Empty buy networks Bitget
2026-01-31T15:27:38.044343+03:00 DEBUG PTB/USDT verify - failed. REASON: Empty sell networks Kucoin
2026-01-31T15:27:38.051167+03:00 DEBUG NFP/USDT verify - failed. REASON: Empty buy networks Bitget
2026-01-31T15:27:38.100800+03:00 DEBUG ELA/USDT verify - failed. REASON: Empty sell networks Bitget
2026-01-31T15:27:57.659459+03:00 DEBUG NFP/USDT verify - failed. REASON: Empty sell networks Kucoin
2026-01-31T15:28:08.606365+03:00 DEBUG DN/USDT verify - failed. REASON: Empty sell networks Bitget
